Archive member included because of file (symbol)

d:/toolchain/avr8-gnu-toolchain/bin/../lib/gcc/avr/4.8.1/avr4\libgcc.a(_exit.o)
                              d:/toolchain/avr8-gnu-toolchain/bin/../lib/gcc/avr/4.8.1/../../../../avr/lib/avr4/crtm8.o (exit)
d:/toolchain/avr8-gnu-toolchain/bin/../lib/gcc/avr/4.8.1/avr4\libgcc.a(_copy_data.o)
                              CMakeFiles/main.elf.dir/src/hal.c.obj (__do_copy_data)
d:/toolchain/avr8-gnu-toolchain/bin/../lib/gcc/avr/4.8.1/avr4\libgcc.a(_clear_bss.o)
                              CMakeFiles/main.elf.dir/src/lk.c.obj (__do_clear_bss)

Memory Configuration

Name             Origin             Length             Attributes
text             0x00000000         0x00002000         xr
data             0x00800060         0x0000ffa0         rw !x
eeprom           0x00810000         0x00010000         rw !x
fuse             0x00820000         0x00000400         rw !x
lock             0x00830000         0x00000400         rw !x
signature        0x00840000         0x00000400         rw !x
user_signatures  0x00850000         0x00000400         rw !x
*default*        0x00000000         0xffffffff

Linker script and memory map

LOAD d:/toolchain/avr8-gnu-toolchain/bin/../lib/gcc/avr/4.8.1/../../../../avr/lib/avr4/crtm8.o
LOAD CMakeFiles/main.elf.dir/src/main.c.obj
LOAD CMakeFiles/main.elf.dir/src/app.c.obj
LOAD CMakeFiles/main.elf.dir/src/hal.c.obj
LOAD CMakeFiles/main.elf.dir/src/lk.c.obj
START GROUP
LOAD d:/toolchain/avr8-gnu-toolchain/bin/../lib/gcc/avr/4.8.1/avr4\libgcc.a
LOAD d:/toolchain/avr8-gnu-toolchain/bin/../lib/gcc/avr/4.8.1/../../../../avr/lib/avr4\libm.a
LOAD d:/toolchain/avr8-gnu-toolchain/bin/../lib/gcc/avr/4.8.1/../../../../avr/lib/avr4\libc.a
END GROUP

.hash
 *(.hash)

.dynsym
 *(.dynsym)

.dynstr
 *(.dynstr)

.gnu.version
 *(.gnu.version)

.gnu.version_d
 *(.gnu.version_d)

.gnu.version_r
 *(.gnu.version_r)

.rel.init
 *(.rel.init)

.rela.init
 *(.rela.init)

.rel.text
 *(.rel.text)
 *(.rel.text.*)
 *(.rel.gnu.linkonce.t*)

.rela.text
 *(.rela.text)
 *(.rela.text.*)
 *(.rela.gnu.linkonce.t*)

.rel.fini
 *(.rel.fini)

.rela.fini
 *(.rela.fini)

.rel.rodata
 *(.rel.rodata)
 *(.rel.rodata.*)
 *(.rel.gnu.linkonce.r*)

.rela.rodata
 *(.rela.rodata)
 *(.rela.rodata.*)
 *(.rela.gnu.linkonce.r*)

.rel.data
 *(.rel.data)
 *(.rel.data.*)
 *(.rel.gnu.linkonce.d*)

.rela.data
 *(.rela.data)
 *(.rela.data.*)
 *(.rela.gnu.linkonce.d*)

.rel.ctors
 *(.rel.ctors)

.rela.ctors
 *(.rela.ctors)

.rel.dtors
 *(.rel.dtors)

.rela.dtors
 *(.rela.dtors)

.rel.got
 *(.rel.got)

.rela.got
 *(.rela.got)

.rel.bss
 *(.rel.bss)

.rela.bss
 *(.rela.bss)

.rel.plt
 *(.rel.plt)

.rela.plt
 *(.rela.plt)

.text           0x00000000      0x2d0
 *(.vectors)
 .vectors       0x00000000       0x26 d:/toolchain/avr8-gnu-toolchain/bin/../lib/gcc/avr/4.8.1/../../../../avr/lib/avr4/crtm8.o
                0x00000000                __vector_default
                0x00000000                __vectors
 *(.vectors)
 *(.progmem.gcc*)
                0x00000026                . = ALIGN (0x2)
                0x00000026                __trampolines_start = .
 *(.trampolines)
 .trampolines   0x00000026        0x0 linker stubs
 *(.trampolines*)
                0x00000026                __trampolines_end = .
 *(.progmem*)
                0x00000026                . = ALIGN (0x2)
 *(.jumptables)
 *(.jumptables*)
 *(.lowtext)
 *(.lowtext*)
                0x00000026                __ctors_start = .
 *(.ctors)
                0x00000026                __ctors_end = .
                0x00000026                __dtors_start = .
 *(.dtors)
                0x00000026                __dtors_end = .
 SORT(*)(.ctors)
 SORT(*)(.dtors)
 *(.init0)
 .init0         0x00000026        0x0 d:/toolchain/avr8-gnu-toolchain/bin/../lib/gcc/avr/4.8.1/../../../../avr/lib/avr4/crtm8.o
                0x00000026                __init
 *(.init0)
 *(.init1)
 *(.init1)
 *(.init2)
 .init2         0x00000026        0xc d:/toolchain/avr8-gnu-toolchain/bin/../lib/gcc/avr/4.8.1/../../../../avr/lib/avr4/crtm8.o
 *(.init2)
 *(.init3)
 *(.init3)
 *(.init4)
 .init4         0x00000032       0x16 d:/toolchain/avr8-gnu-toolchain/bin/../lib/gcc/avr/4.8.1/avr4\libgcc.a(_copy_data.o)
                0x00000032                __do_copy_data
 .init4         0x00000048       0x10 d:/toolchain/avr8-gnu-toolchain/bin/../lib/gcc/avr/4.8.1/avr4\libgcc.a(_clear_bss.o)
                0x00000048                __do_clear_bss
 *(.init4)
 *(.init5)
 *(.init5)
 *(.init6)
 *(.init6)
 *(.init7)
 *(.init7)
 *(.init8)
 *(.init8)
 *(.init9)
 .init9         0x00000058        0x4 d:/toolchain/avr8-gnu-toolchain/bin/../lib/gcc/avr/4.8.1/../../../../avr/lib/avr4/crtm8.o
 *(.init9)
 *(.text)
 .text          0x0000005c        0x2 d:/toolchain/avr8-gnu-toolchain/bin/../lib/gcc/avr/4.8.1/../../../../avr/lib/avr4/crtm8.o
                0x0000005c                __vector_1
                0x0000005c                __vector_12
                0x0000005c                __bad_interrupt
                0x0000005c                __vector_6
                0x0000005c                __vector_3
                0x0000005c                __vector_11
                0x0000005c                __vector_13
                0x0000005c                __vector_17
                0x0000005c                __vector_7
                0x0000005c                __vector_5
                0x0000005c                __vector_4
                0x0000005c                __vector_2
                0x0000005c                __vector_15
                0x0000005c                __vector_8
                0x0000005c                __vector_14
                0x0000005c                __vector_10
                0x0000005c                __vector_16
                0x0000005c                __vector_18
 .text          0x0000005e        0x0 CMakeFiles/main.elf.dir/src/main.c.obj
 .text          0x0000005e        0xe CMakeFiles/main.elf.dir/src/app.c.obj
                0x0000005e                app_init
                0x00000062                app_run
 .text          0x0000006c      0x154 CMakeFiles/main.elf.dir/src/hal.c.obj
                0x0000006c                hal_init
                0x000000c2                hal_led_off
                0x000000d2                hal_led_set
                0x00000106                hal_led_number_off
                0x00000112                hal_led_number_set
                0x00000154                hal_alarm_set
                0x00000160                hal_key_get
                0x00000166                hal_digit_to_7code
                0x0000017a                __vector_9
 .text          0x000001c0      0x106 CMakeFiles/main.elf.dir/src/lk.c.obj
                0x000001c0                lk_init
                0x00000216                lk_tick
                0x00000250                lk_set_digit
                0x0000026e                lk_set_4digits
                0x000002a6                lk_set_digit_state
                0x000002be                lk_set_ddot
                0x000002c0                lk_set_aled_state
                0x000002c2                lk_get_key
 .text          0x000002c6        0x0 d:/toolchain/avr8-gnu-toolchain/bin/../lib/gcc/avr/4.8.1/avr4\libgcc.a(_exit.o)
 .text          0x000002c6        0x0 d:/toolchain/avr8-gnu-toolchain/bin/../lib/gcc/avr/4.8.1/avr4\libgcc.a(_copy_data.o)
 .text          0x000002c6        0x0 d:/toolchain/avr8-gnu-toolchain/bin/../lib/gcc/avr/4.8.1/avr4\libgcc.a(_clear_bss.o)
                0x000002c6                . = ALIGN (0x2)
 *(.text.*)
 .text.startup  0x000002c6        0x6 CMakeFiles/main.elf.dir/src/main.c.obj
                0x000002c6                main
 .text.libgcc.mul
                0x000002cc        0x0 d:/toolchain/avr8-gnu-toolchain/bin/../lib/gcc/avr/4.8.1/avr4\libgcc.a(_exit.o)
 .text.libgcc.div
                0x000002cc        0x0 d:/toolchain/avr8-gnu-toolchain/bin/../lib/gcc/avr/4.8.1/avr4\libgcc.a(_exit.o)
 .text.libgcc   0x000002cc        0x0 d:/toolchain/avr8-gnu-toolchain/bin/../lib/gcc/avr/4.8.1/avr4\libgcc.a(_exit.o)
 .text.libgcc.prologue
                0x000002cc        0x0 d:/toolchain/avr8-gnu-toolchain/bin/../lib/gcc/avr/4.8.1/avr4\libgcc.a(_exit.o)
 .text.libgcc.builtins
                0x000002cc        0x0 d:/toolchain/avr8-gnu-toolchain/bin/../lib/gcc/avr/4.8.1/avr4\libgcc.a(_exit.o)
 .text.libgcc.fmul
                0x000002cc        0x0 d:/toolchain/avr8-gnu-toolchain/bin/../lib/gcc/avr/4.8.1/avr4\libgcc.a(_exit.o)
 .text.libgcc.fixed
                0x000002cc        0x0 d:/toolchain/avr8-gnu-toolchain/bin/../lib/gcc/avr/4.8.1/avr4\libgcc.a(_exit.o)
 .text.libgcc.mul
                0x000002cc        0x0 d:/toolchain/avr8-gnu-toolchain/bin/../lib/gcc/avr/4.8.1/avr4\libgcc.a(_copy_data.o)
 .text.libgcc.div
                0x000002cc        0x0 d:/toolchain/avr8-gnu-toolchain/bin/../lib/gcc/avr/4.8.1/avr4\libgcc.a(_copy_data.o)
 .text.libgcc   0x000002cc        0x0 d:/toolchain/avr8-gnu-toolchain/bin/../lib/gcc/avr/4.8.1/avr4\libgcc.a(_copy_data.o)
 .text.libgcc.prologue
                0x000002cc        0x0 d:/toolchain/avr8-gnu-toolchain/bin/../lib/gcc/avr/4.8.1/avr4\libgcc.a(_copy_data.o)
 .text.libgcc.builtins
                0x000002cc        0x0 d:/toolchain/avr8-gnu-toolchain/bin/../lib/gcc/avr/4.8.1/avr4\libgcc.a(_copy_data.o)
 .text.libgcc.fmul
                0x000002cc        0x0 d:/toolchain/avr8-gnu-toolchain/bin/../lib/gcc/avr/4.8.1/avr4\libgcc.a(_copy_data.o)
 .text.libgcc.fixed
                0x000002cc        0x0 d:/toolchain/avr8-gnu-toolchain/bin/../lib/gcc/avr/4.8.1/avr4\libgcc.a(_copy_data.o)
 .text.libgcc.mul
                0x000002cc        0x0 d:/toolchain/avr8-gnu-toolchain/bin/../lib/gcc/avr/4.8.1/avr4\libgcc.a(_clear_bss.o)
 .text.libgcc.div
                0x000002cc        0x0 d:/toolchain/avr8-gnu-toolchain/bin/../lib/gcc/avr/4.8.1/avr4\libgcc.a(_clear_bss.o)
 .text.libgcc   0x000002cc        0x0 d:/toolchain/avr8-gnu-toolchain/bin/../lib/gcc/avr/4.8.1/avr4\libgcc.a(_clear_bss.o)
 .text.libgcc.prologue
                0x000002cc        0x0 d:/toolchain/avr8-gnu-toolchain/bin/../lib/gcc/avr/4.8.1/avr4\libgcc.a(_clear_bss.o)
 .text.libgcc.builtins
                0x000002cc        0x0 d:/toolchain/avr8-gnu-toolchain/bin/../lib/gcc/avr/4.8.1/avr4\libgcc.a(_clear_bss.o)
 .text.libgcc.fmul
                0x000002cc        0x0 d:/toolchain/avr8-gnu-toolchain/bin/../lib/gcc/avr/4.8.1/avr4\libgcc.a(_clear_bss.o)
 .text.libgcc.fixed
                0x000002cc        0x0 d:/toolchain/avr8-gnu-toolchain/bin/../lib/gcc/avr/4.8.1/avr4\libgcc.a(_clear_bss.o)
                0x000002cc                . = ALIGN (0x2)
 *(.fini9)
 .fini9         0x000002cc        0x0 d:/toolchain/avr8-gnu-toolchain/bin/../lib/gcc/avr/4.8.1/avr4\libgcc.a(_exit.o)
                0x000002cc                _exit
                0x000002cc                exit
 *(.fini9)
 *(.fini8)
 *(.fini8)
 *(.fini7)
 *(.fini7)
 *(.fini6)
 *(.fini6)
 *(.fini5)
 *(.fini5)
 *(.fini4)
 *(.fini4)
 *(.fini3)
 *(.fini3)
 *(.fini2)
 *(.fini2)
 *(.fini1)
 *(.fini1)
 *(.fini0)
 .fini0         0x000002cc        0x4 d:/toolchain/avr8-gnu-toolchain/bin/../lib/gcc/avr/4.8.1/avr4\libgcc.a(_exit.o)
 *(.fini0)
                0x000002d0                _etext = .

.data           0x00800060        0xa load address 0x000002d0
                0x00800060                PROVIDE (__data_start, .)
 *(.data)
 .data          0x00800060        0x0 d:/toolchain/avr8-gnu-toolchain/bin/../lib/gcc/avr/4.8.1/../../../../avr/lib/avr4/crtm8.o
 .data          0x00800060        0x0 CMakeFiles/main.elf.dir/src/main.c.obj
 .data          0x00800060        0x0 CMakeFiles/main.elf.dir/src/app.c.obj
 .data          0x00800060        0x0 CMakeFiles/main.elf.dir/src/hal.c.obj
 .data          0x00800060        0x0 CMakeFiles/main.elf.dir/src/lk.c.obj
 .data          0x00800060        0x0 d:/toolchain/avr8-gnu-toolchain/bin/../lib/gcc/avr/4.8.1/avr4\libgcc.a(_exit.o)
 .data          0x00800060        0x0 d:/toolchain/avr8-gnu-toolchain/bin/../lib/gcc/avr/4.8.1/avr4\libgcc.a(_copy_data.o)
 .data          0x00800060        0x0 d:/toolchain/avr8-gnu-toolchain/bin/../lib/gcc/avr/4.8.1/avr4\libgcc.a(_clear_bss.o)
 *(.data*)
 *(.rodata)
 .rodata        0x00800060        0xa CMakeFiles/main.elf.dir/src/hal.c.obj
 *(.rodata*)
 *(.gnu.linkonce.d*)
                0x0080006a                . = ALIGN (0x2)
                0x0080006a                _edata = .
                0x0080006a                PROVIDE (__data_end, .)

.bss            0x0080006a       0x33
                0x0080006a                PROVIDE (__bss_start, .)
 *(.bss)
 .bss           0x0080006a        0x0 d:/toolchain/avr8-gnu-toolchain/bin/../lib/gcc/avr/4.8.1/../../../../avr/lib/avr4/crtm8.o
 .bss           0x0080006a        0x0 CMakeFiles/main.elf.dir/src/main.c.obj
 .bss           0x0080006a        0x0 CMakeFiles/main.elf.dir/src/app.c.obj
 .bss           0x0080006a        0x0 CMakeFiles/main.elf.dir/src/hal.c.obj
 .bss           0x0080006a       0x33 CMakeFiles/main.elf.dir/src/lk.c.obj
 .bss           0x0080009d        0x0 d:/toolchain/avr8-gnu-toolchain/bin/../lib/gcc/avr/4.8.1/avr4\libgcc.a(_exit.o)
 .bss           0x0080009d        0x0 d:/toolchain/avr8-gnu-toolchain/bin/../lib/gcc/avr/4.8.1/avr4\libgcc.a(_copy_data.o)
 .bss           0x0080009d        0x0 d:/toolchain/avr8-gnu-toolchain/bin/../lib/gcc/avr/4.8.1/avr4\libgcc.a(_clear_bss.o)
 *(.bss*)
 *(COMMON)
                0x0080009d                PROVIDE (__bss_end, .)
                0x000002d0                __data_load_start = LOADADDR (.data)
                0x000002da                __data_load_end = (__data_load_start + SIZEOF (.data))

.noinit         0x0080009d        0x0
                0x0080009d                PROVIDE (__noinit_start, .)
 *(.noinit*)
                0x0080009d                PROVIDE (__noinit_end, .)
                0x0080009d                _end = .
                0x0080009d                PROVIDE (__heap_start, .)

.eeprom         0x00810000        0x0
 *(.eeprom*)
                0x00810000                __eeprom_end = .

.fuse
 *(.fuse)
 *(.lfuse)
 *(.hfuse)
 *(.efuse)

.lock
 *(.lock*)

.signature
 *(.signature*)

.user_signatures
 *(.user_signatures*)

.stab
 *(.stab)

.stabstr
 *(.stabstr)

.stab.excl
 *(.stab.excl)

.stab.exclstr
 *(.stab.exclstr)

.stab.index
 *(.stab.index)

.stab.indexstr
 *(.stab.indexstr)

.comment        0x00000000       0x30
 *(.comment)
 .comment       0x00000000       0x30 CMakeFiles/main.elf.dir/src/main.c.obj
                                 0x31 (size before relaxing)
 .comment       0x00000000       0x31 CMakeFiles/main.elf.dir/src/app.c.obj
 .comment       0x00000000       0x31 CMakeFiles/main.elf.dir/src/hal.c.obj
 .comment       0x00000000       0x31 CMakeFiles/main.elf.dir/src/lk.c.obj

.note.gnu.build-id
 *(.note.gnu.build-id)

.debug
 *(.debug)

.line
 *(.line)

.debug_srcinfo
 *(.debug_srcinfo)

.debug_sfnames
 *(.debug_sfnames)

.debug_aranges  0x00000000       0x80
 *(.debug_aranges)
 .debug_aranges
                0x00000000       0x20 CMakeFiles/main.elf.dir/src/main.c.obj
 .debug_aranges
                0x00000020       0x20 CMakeFiles/main.elf.dir/src/app.c.obj
 .debug_aranges
                0x00000040       0x20 CMakeFiles/main.elf.dir/src/hal.c.obj
 .debug_aranges
                0x00000060       0x20 CMakeFiles/main.elf.dir/src/lk.c.obj

.debug_pubnames
 *(.debug_pubnames)

.debug_info     0x00000000      0x713
 *(.debug_info .gnu.linkonce.wi.*)
 .debug_info    0x00000000       0x72 CMakeFiles/main.elf.dir/src/main.c.obj
 .debug_info    0x00000072      0x100 CMakeFiles/main.elf.dir/src/app.c.obj
 .debug_info    0x00000172      0x1b6 CMakeFiles/main.elf.dir/src/hal.c.obj
 .debug_info    0x00000328      0x3eb CMakeFiles/main.elf.dir/src/lk.c.obj

.debug_abbrev   0x00000000      0x372
 *(.debug_abbrev)
 .debug_abbrev  0x00000000       0x57 CMakeFiles/main.elf.dir/src/main.c.obj
 .debug_abbrev  0x00000057       0xab CMakeFiles/main.elf.dir/src/app.c.obj
 .debug_abbrev  0x00000102       0xf1 CMakeFiles/main.elf.dir/src/hal.c.obj
 .debug_abbrev  0x000001f3      0x17f CMakeFiles/main.elf.dir/src/lk.c.obj

.debug_line     0x00000000      0x34e
 *(.debug_line .debug_line.* .debug_line_end)
 .debug_line    0x00000000       0x74 CMakeFiles/main.elf.dir/src/main.c.obj
 .debug_line    0x00000074       0xb1 CMakeFiles/main.elf.dir/src/app.c.obj
 .debug_line    0x00000125      0x132 CMakeFiles/main.elf.dir/src/hal.c.obj
 .debug_line    0x00000257       0xf7 CMakeFiles/main.elf.dir/src/lk.c.obj

.debug_frame    0x00000000      0x224
 *(.debug_frame)
 .debug_frame   0x00000000       0x24 CMakeFiles/main.elf.dir/src/main.c.obj
 .debug_frame   0x00000024       0x34 CMakeFiles/main.elf.dir/src/app.c.obj
 .debug_frame   0x00000058      0x10c CMakeFiles/main.elf.dir/src/hal.c.obj
 .debug_frame   0x00000164       0xc0 CMakeFiles/main.elf.dir/src/lk.c.obj

.debug_str      0x00000000      0x33a
 *(.debug_str)
 .debug_str     0x00000000       0xc5 CMakeFiles/main.elf.dir/src/main.c.obj
 .debug_str     0x000000c5       0x95 CMakeFiles/main.elf.dir/src/app.c.obj
                                0x14e (size before relaxing)
 .debug_str     0x0000015a       0xc1 CMakeFiles/main.elf.dir/src/hal.c.obj
                                0x1b3 (size before relaxing)
 .debug_str     0x0000021b      0x11f CMakeFiles/main.elf.dir/src/lk.c.obj
                                0x285 (size before relaxing)

.debug_loc      0x00000000      0x399
 *(.debug_loc)
 .debug_loc     0x00000000      0x1d7 CMakeFiles/main.elf.dir/src/hal.c.obj
 .debug_loc     0x000001d7      0x1c2 CMakeFiles/main.elf.dir/src/lk.c.obj

.debug_macinfo
 *(.debug_macinfo)

.debug_weaknames
 *(.debug_weaknames)

.debug_funcnames
 *(.debug_funcnames)

.debug_typenames
 *(.debug_typenames)

.debug_varnames
 *(.debug_varnames)

.debug_pubtypes
 *(.debug_pubtypes)

.debug_ranges   0x00000000       0x10
 *(.debug_ranges)
 .debug_ranges  0x00000000       0x10 CMakeFiles/main.elf.dir/src/main.c.obj

.debug_macro
 *(.debug_macro)
OUTPUT(main.elf elf32-avr)
LOAD linker stubs

Cross Reference Table

Symbol                                            File
__bad_interrupt                                   d:/toolchain/avr8-gnu-toolchain/bin/../lib/gcc/avr/4.8.1/../../../../avr/lib/avr4/crtm8.o
__bss_end                                         d:/toolchain/avr8-gnu-toolchain/bin/../lib/gcc/avr/4.8.1/avr4\libgcc.a(_clear_bss.o)
__bss_start                                       d:/toolchain/avr8-gnu-toolchain/bin/../lib/gcc/avr/4.8.1/avr4\libgcc.a(_clear_bss.o)
__data_end                                        d:/toolchain/avr8-gnu-toolchain/bin/../lib/gcc/avr/4.8.1/avr4\libgcc.a(_copy_data.o)
__data_load_start                                 d:/toolchain/avr8-gnu-toolchain/bin/../lib/gcc/avr/4.8.1/avr4\libgcc.a(_copy_data.o)
__data_start                                      d:/toolchain/avr8-gnu-toolchain/bin/../lib/gcc/avr/4.8.1/avr4\libgcc.a(_copy_data.o)
__do_clear_bss                                    d:/toolchain/avr8-gnu-toolchain/bin/../lib/gcc/avr/4.8.1/avr4\libgcc.a(_clear_bss.o)
                                                  CMakeFiles/main.elf.dir/src/lk.c.obj
__do_copy_data                                    d:/toolchain/avr8-gnu-toolchain/bin/../lib/gcc/avr/4.8.1/avr4\libgcc.a(_copy_data.o)
                                                  CMakeFiles/main.elf.dir/src/hal.c.obj
__heap_end                                        d:/toolchain/avr8-gnu-toolchain/bin/../lib/gcc/avr/4.8.1/../../../../avr/lib/avr4/crtm8.o
__init                                            d:/toolchain/avr8-gnu-toolchain/bin/../lib/gcc/avr/4.8.1/../../../../avr/lib/avr4/crtm8.o
__stack                                           d:/toolchain/avr8-gnu-toolchain/bin/../lib/gcc/avr/4.8.1/../../../../avr/lib/avr4/crtm8.o
__vector_1                                        d:/toolchain/avr8-gnu-toolchain/bin/../lib/gcc/avr/4.8.1/../../../../avr/lib/avr4/crtm8.o
__vector_10                                       d:/toolchain/avr8-gnu-toolchain/bin/../lib/gcc/avr/4.8.1/../../../../avr/lib/avr4/crtm8.o
__vector_11                                       d:/toolchain/avr8-gnu-toolchain/bin/../lib/gcc/avr/4.8.1/../../../../avr/lib/avr4/crtm8.o
__vector_12                                       d:/toolchain/avr8-gnu-toolchain/bin/../lib/gcc/avr/4.8.1/../../../../avr/lib/avr4/crtm8.o
__vector_13                                       d:/toolchain/avr8-gnu-toolchain/bin/../lib/gcc/avr/4.8.1/../../../../avr/lib/avr4/crtm8.o
__vector_14                                       d:/toolchain/avr8-gnu-toolchain/bin/../lib/gcc/avr/4.8.1/../../../../avr/lib/avr4/crtm8.o
__vector_15                                       d:/toolchain/avr8-gnu-toolchain/bin/../lib/gcc/avr/4.8.1/../../../../avr/lib/avr4/crtm8.o
__vector_16                                       d:/toolchain/avr8-gnu-toolchain/bin/../lib/gcc/avr/4.8.1/../../../../avr/lib/avr4/crtm8.o
__vector_17                                       d:/toolchain/avr8-gnu-toolchain/bin/../lib/gcc/avr/4.8.1/../../../../avr/lib/avr4/crtm8.o
__vector_18                                       d:/toolchain/avr8-gnu-toolchain/bin/../lib/gcc/avr/4.8.1/../../../../avr/lib/avr4/crtm8.o
__vector_2                                        d:/toolchain/avr8-gnu-toolchain/bin/../lib/gcc/avr/4.8.1/../../../../avr/lib/avr4/crtm8.o
__vector_3                                        d:/toolchain/avr8-gnu-toolchain/bin/../lib/gcc/avr/4.8.1/../../../../avr/lib/avr4/crtm8.o
__vector_4                                        d:/toolchain/avr8-gnu-toolchain/bin/../lib/gcc/avr/4.8.1/../../../../avr/lib/avr4/crtm8.o
__vector_5                                        d:/toolchain/avr8-gnu-toolchain/bin/../lib/gcc/avr/4.8.1/../../../../avr/lib/avr4/crtm8.o
__vector_6                                        d:/toolchain/avr8-gnu-toolchain/bin/../lib/gcc/avr/4.8.1/../../../../avr/lib/avr4/crtm8.o
__vector_7                                        d:/toolchain/avr8-gnu-toolchain/bin/../lib/gcc/avr/4.8.1/../../../../avr/lib/avr4/crtm8.o
__vector_8                                        d:/toolchain/avr8-gnu-toolchain/bin/../lib/gcc/avr/4.8.1/../../../../avr/lib/avr4/crtm8.o
__vector_9                                        CMakeFiles/main.elf.dir/src/hal.c.obj
                                                  d:/toolchain/avr8-gnu-toolchain/bin/../lib/gcc/avr/4.8.1/../../../../avr/lib/avr4/crtm8.o
__vector_default                                  d:/toolchain/avr8-gnu-toolchain/bin/../lib/gcc/avr/4.8.1/../../../../avr/lib/avr4/crtm8.o
__vectors                                         d:/toolchain/avr8-gnu-toolchain/bin/../lib/gcc/avr/4.8.1/../../../../avr/lib/avr4/crtm8.o
_exit                                             d:/toolchain/avr8-gnu-toolchain/bin/../lib/gcc/avr/4.8.1/avr4\libgcc.a(_exit.o)
app_init                                          CMakeFiles/main.elf.dir/src/app.c.obj
                                                  CMakeFiles/main.elf.dir/src/main.c.obj
app_run                                           CMakeFiles/main.elf.dir/src/app.c.obj
                                                  CMakeFiles/main.elf.dir/src/main.c.obj
exit                                              d:/toolchain/avr8-gnu-toolchain/bin/../lib/gcc/avr/4.8.1/avr4\libgcc.a(_exit.o)
                                                  d:/toolchain/avr8-gnu-toolchain/bin/../lib/gcc/avr/4.8.1/../../../../avr/lib/avr4/crtm8.o
hal_alarm_set                                     CMakeFiles/main.elf.dir/src/hal.c.obj
hal_digit_to_7code                                CMakeFiles/main.elf.dir/src/hal.c.obj
                                                  CMakeFiles/main.elf.dir/src/lk.c.obj
hal_init                                          CMakeFiles/main.elf.dir/src/hal.c.obj
                                                  CMakeFiles/main.elf.dir/src/app.c.obj
hal_key_get                                       CMakeFiles/main.elf.dir/src/hal.c.obj
hal_led_number_off                                CMakeFiles/main.elf.dir/src/hal.c.obj
                                                  CMakeFiles/main.elf.dir/src/lk.c.obj
hal_led_number_set                                CMakeFiles/main.elf.dir/src/hal.c.obj
                                                  CMakeFiles/main.elf.dir/src/lk.c.obj
hal_led_off                                       CMakeFiles/main.elf.dir/src/hal.c.obj
                                                  CMakeFiles/main.elf.dir/src/lk.c.obj
hal_led_set                                       CMakeFiles/main.elf.dir/src/hal.c.obj
                                                  CMakeFiles/main.elf.dir/src/lk.c.obj
lk_get_key                                        CMakeFiles/main.elf.dir/src/lk.c.obj
lk_init                                           CMakeFiles/main.elf.dir/src/lk.c.obj
                                                  CMakeFiles/main.elf.dir/src/app.c.obj
lk_set_4digits                                    CMakeFiles/main.elf.dir/src/lk.c.obj
                                                  CMakeFiles/main.elf.dir/src/app.c.obj
lk_set_aled_state                                 CMakeFiles/main.elf.dir/src/lk.c.obj
lk_set_ddot                                       CMakeFiles/main.elf.dir/src/lk.c.obj
lk_set_digit                                      CMakeFiles/main.elf.dir/src/lk.c.obj
lk_set_digit_state                                CMakeFiles/main.elf.dir/src/lk.c.obj
lk_tick                                           CMakeFiles/main.elf.dir/src/lk.c.obj
                                                  CMakeFiles/main.elf.dir/src/hal.c.obj
main                                              CMakeFiles/main.elf.dir/src/main.c.obj
                                                  d:/toolchain/avr8-gnu-toolchain/bin/../lib/gcc/avr/4.8.1/../../../../avr/lib/avr4/crtm8.o
